        100        132          6         64        400        132          0
         57         19         18        114        113
         57         18        106        113        112
         56        106        108        112        107
         59        108         17        107         16
         61        114        113        111        110
         61        113        112        110        120
         58        112        107        120        119
         59        107         16        119        118
         63        111        110         15        117
         60        110        120        117        116
         53        120        119        116        105
         52        119        118        105        104
         63         15        117        109        115
         55        117        116        115        102
         53        116        105        102        103
         51        105        104        103         99
         62        109        115         14        128
         55        115        102        128        127
         54        102        103        127        126
         51        103         99        126        125
         62         14        128        124        123
         35        128        127        123         78
         34        127        126         78         79
         39        126        125         79        122
         33        124        123         98         97
         35        123         78         97         77
         39         78         79         77         76
         37         79        122         76         75
         46         98         97         86         96
         33         97         77         96         95
         32         77         76         95         94
         38         76         75         94         93
         47         86         96         13         89
         46         96         95         89         92
         43         95         94         92         84
         43         94         93         84         81
         47         13         89         88         87
         45         89         92         87         91
         41         92         84         91         83
         42         84         81         83         82
         44         88         87         12         85
         45         87         91         85         90
         41         91         83         90         80
         40         83         82         80         11
         50         99        101        125        100
         49        101        132        100        131
         19        132         10        131         73
         19         10         44         73         72
         48        125        100        122        121
         49        100        131        121        130
          5        131         73        130         24
          4         73         72         24         69
         37        122        121         75         74
         36        121        130         74        129
          5        130         24        129         23
          7         24         69         23         26
         30          9         52         55         54
         31         52          8         54         59
         31          8         58         59         57
         27         58          7         57          6
         29         55         54          5         53
         30         54         59         53         56
         26         59         57         56         51
         27         57          6         51         50
         29          5         53         65         64
         28         53         56         64         63
         25         56         51         63         62
         25         51         50         62         49
         17         65         64         44         48
         23         64         63         48         47
         23         63         62         47         61
         24         62         49         61         60
         18         44         48         72         45
         17         48         47         45         46
         22         47         61         46         71
         21         61         60         71         70
         16         72         45         69         68
         20         45         46         68         67
         21         46         71         67         66
         14         71         70         66          4
          7         69         68         26         25
          6         68         67         25         39
         15         67         66         39         35
         14         66          4         35         32
          1         26         25         22         21
          1         25         39         21         38
         13         39         35         38         34
         15         35         32         34         33
          3         22         21          3         43
          0         21         38         43         42
         13         38         34         42         37
         12         34         33         37         36
          3          3         43         20         41
          9         43         42         41         31
         11         42         37         31         30
         11         37         36         30         28
          2         20         41          2         40
          9         41         31         40         27
          8         31         30         27         29
         10         30         28         29          1
