          64         128           6          64         512         128           0
          58         128         127         126         125          80          79          72          71
          59         126         125         124         123          72          71          76          75
          62         124         123         122         121          76          75          74          73
          63         122         121         120         119          74          73          78          77
          50         120         119         118         117          78          77          66          65
          51         118         117         116         115          66          65          70          69
          54         116         115         114         113          70          69          68          67
          55         114         113         128         127          68          67          80          79
          56          80          79          72          71          96          95          94          93
          57          72          71          76          75          94          93          92          91
          60          76          75          74          73          92          91          90          89
          61          74          73          78          77          90          89          88          87
          48          78          77          66          65          88          87          86          85
          49          66          65          70          69          86          85          84          83
          52          70          69          68          67          84          83          82          81
          53          68          67          80          79          82          81          96          95
          42          96          95          94          93          64          63          56          55
          43          94          93          92          91          56          55          60          59
          46          92          91          90          89          60          59          58          57
          47          90          89          88          87          58          57          62          61
          34          88          87          86          85          62          61          50          49
          35          86          85          84          83          50          49          54          53
          38          84          83          82          81          54          53          52          51
          39          82          81          96          95          52          51          64          63
          40          64          63          56          55         112         111         110         109
          41          56          55          60          59         110         109         108         107
          44          60          59          58          57         108         107         106         105
          45          58          57          62          61         106         105         104         103
          32          62          61          50          49         104         103         102         101
          33          50          49          54          53         102         101         100          99
          36          54          53          52          51         100          99          98          97
          37          52          51          64          63          98          97         112         111
          26         112         111         110         109          32          31          24          23
          27         110         109         108         107          24          23          28          27
          30         108         107         106         105          28          27          26          25
          31         106         105         104         103          26          25          30          29
          18         104         103         102         101          30          29          18          17
          19         102         101         100          99          18          17          22          21
          22         100          99          98          97          22          21          20          19
          23          98          97         112         111          20          19          32          31
          24          32          31          24          23          48          47          46          45
          25          24          23          28          27          46          45          44          43
          28          28          27          26          25          44          43          42          41
          29          26          25          30          29          42          41          40          39
          16          30          29          18          17          40          39          38          37
          17          18          17          22          21          38          37          36          35
          20          22          21          20          19          36          35          34          33
          21          20          19          32          31          34          33          48          47
          10          48          47          46          45          16          15           8           7
          11          46          45          44          43           8           7          12          11
          14          44          43          42          41          12          11          10           9
          15          42          41          40          39          10           9          14          13
           2          40          39          38          37          14          13           2           1
           3          38          37          36          35           2           1           6           5
           6          36          35          34          33           6           5           4           3
           7          34          33          48          47           4           3          16          15
           8          16          15           8           7         128         127         126         125
           9           8           7          12          11         126         125         124         123
          12          12          11          10           9         124         123         122         121
          13          10           9          14          13         122         121         120         119
           0          14          13           2           1         120         119         118         117
           1           2           1           6           5         118         117         116         115
           4           6           5           4           3         116         115         114         113
           5           4           3          16          15         114         113         128         127
