         216         216           7         128        1728         216           0
         111         216         215         214         213         144         143         119          97
         109         215         212         213         211         143         142          97         104
         109         212         210         211         209         142         141         104         120
         127         210         208         209         207         141         140         120         105
         125         208         206         207         205         140         139         105         112
         125         206         216         205         214         139         144         112         119
         105         214         213         204         203         119          97         117         103
         107         213         211         203         202          97         104         103         102
         107         211         209         202         201         104         120         102         118
         121         209         207         201         200         120         105         118         111
         123         207         205         200         199         105         112         111         110
         123         205         214         199         204         112         119         110         117
         105         204         203         198         197         117         103         138         137
         106         203         202         197         196         103         102         137         136
         106         202         201         196         195         102         118         136         135
         121         201         200         195         194         118         111         135         134
         122         200         199         194         193         111         110         134         133
         122         199         204         193         198         110         117         133         138
          79         198         197         192         191         138         137          95          73
          77         197         196         191         190         137         136          73          80
          77         196         195         190         189         136         135          80          96
          95         195         194         189         188         135         134          96          81
          93         194         193         188         187         134         133          81          88
          93         193         198         187         192         133         138          88          95
          73         192         191         186         185          95          73          93          79
          75         191         190         185         184          73          80          79          78
          75         190         189         184         183          80          96          78          94
          89         189         188         183         182          96          81          94          87
          91         188         187         182         181          81          88          87          86
          91         187         192         181         186          88          95          86          93
          73         186         185         216         215          93          79         144         143
          74         185         184         215         212          79          78         143         142
          74         184         183         212         210          78          94         142         141
          89         183         182         210         208          94          87         141         140
          90         182         181         208         206          87          86         140         139
          90         181         186         206         216          86          93         139         144
         111         144         143         119          97         132         131         115         101
         110         143         142          97         104         131         130         101         100
         108         142         141         104         120         130         129         100         116
         127         141         140         120         105         129         128         116         109
         126         140         139         105         112         128         127         109         108
         124         139         144         112         119         127         132         108         115
         110         119          97         117         103         115         101         113          99
         104          97         104         103         102         101         100          99          98
         101         104         120         102         118         100         116          98         114
         126         120         105         118         111         116         109         114         107
         120         105         112         111         110         109         108         107         106
         117         112         119         110         117         108         115         106         113
         103         117         103         138         137         113          99         126         125
         103         103         102         137         136          99          98         125         124
         101         102         118         136         135          98         114         124         123
         119         118         111         135         134         114         107         123         122
         119         111         110         134         133         107         106         122         121
         117         110         117         133         138         106         113         121         126
          79         138         137          95          73         126         125          91          77
          78         137         136          73          80         125         124          77          76
          76         136         135          80          96         124         123          76          92
          95         135         134          96          81         123         122          92          85
          94         134         133          81          88         122         121          85          84
          92         133         138          88          95         121         126          84          91
          78          95          73          93          79          91          77          89          75
          72          73          80          79          78          77          76          75          74
          69          80          96          78          94          76          92          74          90
          94          96          81          94          87          92          85          90          83
          88          81          88          87          86          85          84          83          82
          85          88          95          86          93          84          91          82          89
          71          93          79         144         143          89          75         132         131
          71          79          78         143         142          75          74         131         130
          69          78          94         142         141          74          90         130         129
          87          94          87         141         140          90          83         129         128
          87          87          86         140         139          83          82         128         127
          85          86          93         139         144          82          89         127         132
          97         132         131         115         101         180         179         178         177
          99         131         130         101         100         179         176         177         175
          99         130         129         100         116         176         174         175         173
         113         129         128         116         109         174         172         173         171
         115         128         127         109         108         172         170         171         169
         115         127         132         108         115         170         180         169         178
          97         115         101         113          99         178         177         168         167
          96         101         100          99          98         177         175         167         166
          98         100         116          98         114         175         173         166         165
         113         116         109         114         107         173         171         165         164
         112         109         108         107         106         171         169         164         163
         114         108         115         106         113         169         178         163         168
         102         113          99         126         125         168         167         162         161
         102          99          98         125         124         167         166         161         160
         100          98         114         124         123         166         165         160         159
         118         114         107         123         122         165         164         159         158
         118         107         106         122         121         164         163         158         157
         116         106         113         121         126         163         168         157         162
          65         126         125          91          77         162         161         156         155
          67         125         124          77          76         161         160         155         154
          67         124         123          76          92         160         159         154         153
          81         123         122          92          85         159         158         153         152
          83         122         121          85          84         158         157         152         151
          83         121         126          84          91         157         162         151         156
          65          91          77          89          75         156         155         150         149
          64          77          76          75          74         155         154         149         148
          66          76          92          74          90         154         153         148         147
          81          92          85          90          83         153         152         147         146
          80          85          84          83          82         152         151         146         145
          82          84          91          82          89         151         156         145         150
          70          89          75         132         131         150         149         180         179
          70          75          74         131         130         149         148         179         176
          68          74          90         130         129         148         147         176         174
          86          90          83         129         128         147         146         174         172
          86          83          82         128         127         146         145         172         170
          84          82          89         127         132         145         150         170         180
          47         180         179         178         177          72          71          47          25
          45         179         176         177         175          71          70          25          32
          45         176         174         175         173          70          69          32          48
          63         174         172         173         171          69          68          48          33
          61         172         170         171         169          68          67          33          40
          61         170         180         169         178          67          72          40          47
          41         178         177         168         167          47          25          45          31
          43         177         175         167         166          25          32          31          30
          43         175         173         166         165          32          48          30          46
          57         173         171         165         164          48          33          46          39
          59         171         169         164         163          33          40          39          38
          59         169         178         163         168          40          47          38          45
          41         168         167         162         161          45          31          66          65
          42         167         166         161         160          31          30          65          64
          42         166         165         160         159          30          46          64          63
          57         165         164         159         158          46          39          63          62
          58         164         163         158         157          39          38          62          61
          58         163         168         157         162          38          45          61          66
          15         162         161         156         155          66          65          23           1
          13         161         160         155         154          65          64           1           8
          13         160         159         154         153          64          63           8          24
          31         159         158         153         152          63          62          24           9
          29         158         157         152         151          62          61           9          16
          29         157         162         151         156          61          66          16          23
           9         156         155         150         149          23           1          21           7
          11         155         154         149         148           1           8           7           6
          11         154         153         148         147           8          24           6          22
          25         153         152         147         146          24           9          22          15
          27         152         151         146         145           9          16          15          14
          27         151         156         145         150          16          23          14          21
           9         150         149         180         179          21           7          72          71
          10         149         148         179         176           7           6          71          70
          10         148         147         176         174           6          22          70          69
          25         147         146         174         172          22          15          69          68
          26         146         145         172         170          15          14          68          67
          26         145         150         170         180          14          21          67          72
          47          72          71          47          25          60          59          43          29
          46          71          70          25          32          59          58          29          28
          44          70          69          32          48          58          57          28          44
          63          69          68          48          33          57          56          44          37
          62          68          67          33          40          56          55          37          36
          60          67          72          40          47          55          60          36          43
          46          47          25          45          31          43          29          41          27
          40          25          32          31          30          29          28          27          26
          37          32          48          30          46          28          44          26          42
          62          48          33          46          39          44          37          42          35
          56          33          40          39          38          37          36          35          34
          53          40          47          38          45          36          43          34          41
          39          45          31          66          65          41          27          54          53
          39          31          30          65          64          27          26          53          52
          37          30          46          64          63          26          42          52          51
          55          46          39          63          62          42          35          51          50
          55          39          38          62          61          35          34          50          49
          53          38          45          61          66          34          41          49          54
          15          66          65          23           1          54          53          19           5
          14          65          64           1           8          53          52           5           4
          12          64          63           8          24          52          51           4          20
          31          63          62          24           9          51          50          20          13
          30          62          61           9          16          50          49          13          12
          28          61          66          16          23          49          54          12          19
          14          23           1          21           7          19           5          17           3
           8           1           8           7           6           5           4           3           2
           5           8          24           6          22           4          20           2          18
          30          24           9          22          15          20          13          18          11
          24           9          16          15          14          13          12          11          10
          21          16          23          14          21          12          19          10          17
           7          21           7          72          71          17           3          60          59
           7           7           6          71          70           3           2          59          58
           5           6          22          70          69           2          18          58          57
          23          22          15          69          68          18          11          57          56
          23          15          14          68          67          11          10          56          55
          21          14          21          67          72          10          17          55          60
          33          60          59          43          29         216         215         214         213
          35          59          58          29          28         215         212         213         211
          35          58          57          28          44         212         210         211         209
          49          57          56          44          37         210         208         209         207
          51          56          55          37          36         208         206         207         205
          51          55          60          36          43         206         216         205         214
          33          43          29          41          27         214         213         204         203
          32          29          28          27          26         213         211         203         202
          34          28          44          26          42         211         209         202         201
          49          44          37          42          35         209         207         201         200
          48          37          36          35          34         207         205         200         199
          50          36          43          34          41         205         214         199         204
          38          41          27          54          53         204         203         198         197
          38          27          26          53          52         203         202         197         196
          36          26          42          52          51         202         201         196         195
          54          42          35          51          50         201         200         195         194
          54          35          34          50          49         200         199         194         193
          52          34          41          49          54         199         204         193         198
           1          54          53          19           5         198         197         192         191
           3          53          52           5           4         197         196         191         190
           3          52          51           4          20         196         195         190         189
          17          51          50          20          13         195         194         189         188
          19          50          49          13          12         194         193         188         187
          19          49          54          12          19         193         198         187         192
           1          19           5          17           3         192         191         186         185
           0           5           4           3           2         191         190         185         184
           2           4          20           2          18         190         189         184         183
          17          20          13          18          11         189         188         183         182
          16          13          12          11          10         188         187         182         181
          18          12          19          10          17         187         192         181         186
           6          17           3          60          59         186         185         216         215
           6           3           2          59          58         185         184         215         212
           4           2          18          58          57         184         183         212         210
          22          18          11          57          56         183         182         210         208
          22          11          10          56          55         182         181         208         206
          20          10          17          55          60         181         186         206         216
