         343         343           8         256        2744         343           0
         241         343         342         341         340         229         228         227         226
         243         342         339         340         338         228         225         226         224
         231         339         337         338         336         225         223         224         222
         231         337         335         336         334         223         221         222         220
         251         335         333         334         332         221         219         220         218
         251         333         331         332         330         219         217         218         216
         249         331         343         330         341         217         229         216         227
         159         341         340         329         328         227         226         207         143
         155         340         338         328         327         226         224         143         117
         153         338         336         327         326         224         222         117         215
         131         336         334         326         325         222         220         215         214
         129         334         332         325         324         220         218         214         211
         128         332         330         324         323         218         216         211         209
         157         330         341         323         329         216         227         209         207
         156         329         328         322         321         207         143         206         205
         155         328         327         321         320         143         117         205         204
         152         327         326         320         319         117         215         204         213
         215         326         325         319         318         215         214         213         212
         213         325         324         318         317         214         211         212         210
         212         324         323         317         316         211         209         210         208
         193         323         329         316         322         209         207         208         206
         197         322         321         315         314         206         205         148         154
         223         321         320         314         313         205         204         154         151
         221         320         319         313         312         204         213         151         152
         215         319         318         312         311         213         212         152         150
         213         318         317         311         310         212         210         150         153
         195         317         316         310         309         210         208         153         149
         192         316         322         309         315         208         206         149         148
         196         315         314         308         307         148         154         179         178
         220         314         313         307         306         154         151         178         177
         221         313         312         306         305         151         152         177         176
         209         312         311         305         304         152         150         176         175
         208         311         310         304         303         150         153         175         174
         195         310         309         303         302         153         149         174         172
         194         309         315         302         308         149         148         172         179
         245         308         307         301         300         179         178         160         159
         247         307         306         300         299         178         177         159         161
         229         306         305         299         298         177         176         161         158
         227         305         304         298         297         176         175         158         157
         227         304         303         297         296         175         174         157         173
         253         303         302         296         295         174         172         173         171
         244         302         308         295         301         172         179         171         160
         240         301         300         343         342         160         159         229         228
         243         300         299         342         339         159         161         228         225
         228         299         298         339         337         161         158         225         223
         230         298         297         337         335         158         157         223         221
         225         297         296         335         333         157         173         221         219
         250         296         295         333         331         173         171         219         217
         248         295         301         331         343         171         160         217         229
         145         229         228         227         226         186         185         139         138
         151         228         225         226         224         185         184         138         116
         143         225         223         224         222         184         183         116         115
         130         223         221         222         220         183         182         115         134
         135         221         219         220         218         182         181         134         147
         135         219         217         218         216         181         180         147         146
         144         217         229         216         227         180         186         146         139
         159         227         226         207         143         139         138         142         141
         158         226         224         143         117         138         116         141         129
         143         224         222         117         215         116         115         129         127
         142         222         220         215         214         115         134         127         140
         131         220         218         214         211         134         147         140         145
         179         218         216         211         209         147         146         145         144
         157         216         227         209         207         146         139         144         142
         163         207         143         206         205         142         141         203         202
         154         143         117         205         204         141         129         202         199
         141         117         215         204         213         129         127         199         197
         141         215         214         213         212         127         140         197         195
         178         214         211         212         210         140         145         195         193
         179         211         209         210         208         145         144         193         191
         183         209         207         208         206         144         142         191         203
         199         206         205         148         154         203         202         201         200
         223         205         204         154         151         202         199         200         198
         217         204         213         151         152         199         197         198         196
         211         213         212         152         150         197         195         196         194
         214         212         210         150         153         195         193         194         192
         203         210         208         153         149         193         191         192         190
         198         208         206         149         148         191         203         190         201
         199         148         154         179         178         201         200         170         169
         222         154         151         178         177         200         198         169         168
         219         151         152         177         176         198         196         168         167
         211         152         150         176         175         196         194         167         166
         210         150         153         175         174         194         192         166         165
         203         153         149         174         172         192         190         165         163
         205         149         148         172         179         190         201         163         170
         245         179         178         160         159         170         169         189         188
         247         178         177         159         161         169         168         188         187
         239         177         176         161         158         168         167         187         155
         238         176         175         158         157         167         166         155         156
         226         175         174         157         173         166         165         156         164
         201         174         172         173         171         165         163         164         162
         252         172         179         171         160         163         170         162         189
         246         160         159         229         228         189         188         186         185
         242         159         161         228         225         188         187         185         184
         239         161         158         225         223         187         155         184         183
         235         158         157         223         221         155         156         183         182
         224         157         173         221         219         156         164         182         181
         253         173         171         219         217         164         162         181         180
         255         171         160         217         229         162         189         180         186
         147         186         185         139         138         294         293         137         136
         149         185         184         138         116         293         292         136         125
         137         184         183         116         115         292         291         125         124
         139         183         182         115         134         291         290         124         133
         133         182         181         134         147         290         289         133         132
         134         181         180         147         146         289         288         132         130
         146         180         186         146         139         288         294         130         137
         165         139         138         142         141         137         136         123         135
         150         138         116         141         129         136         125         135         128
         136         116         115         129         127         125         124         128         126
         140         115         134         127         140         124         133         126         131
         187         134         147         140         145         133         132         131         121
         186         147         146         145         144         132         130         121         120
         191         146         139         144         142         130         137         120         123
         164         142         141         203         202         123         135         122         118
         163         141         129         202         199         135         128         118         119
         173         129         127         199         197         128         126         119         287
         172         127         140         197         195         126         131         287         286
         177         140         145         195         193         131         121         286         285
         182         145         144         193         191         121         120         285         284
         183         144         142         191         203         120         123         284         122
         161         203         202         201         200         122         118         283         282
         162         202         199         200         198         118         119         282         281
         171         199         197         198         196         119         287         281         280
         170         197         195         196         194         287         286         280         279
         176         195         193         194         192         286         285         279         278
         181         193         191         192         190         285         284         278         277
         181         191         203         190         201         284         122         277         283
         205         201         200         170         169         283         282         276         275
         216         200         198         169         168         282         281         275         274
         219         198         196         168         167         281         280         274         273
         218         196         194         167         166         280         279         273         272
         200         194         192         166         165         279         278         272         271
         202         192         190         165         163         278         277         271         270
         207         190         201         163         170         277         283         270         276
         204         170         169         189         188         276         275         269         268
         237         169         168         188         187         275         274         268         267
         237         168         167         187         155         274         273         267         266
         234         167         166         155         156         273         272         266         265
         233         166         165         156         164         272         271         265         264
         206         165         163         164         162         271         270         264         263
         207         163         170         162         189         270         276         263         269
         147         189         188         186         185         269         268         294         293
         151         188         187         185         184         268         267         293         292
         236         187         155         184         183         267         266         292         291
         235         155         156         183         182         266         265         291         290
         232         156         164         182         181         265         264         290         289
         254         164         162         181         180         264         263         289         288
         255         162         189         180         186         263         269         288         294
         148         294         293         137         136         262         261         260         259
         149         293         292         136         125         261         258         259         257
         138         292         291         125         124         258         256         257         255
         139         291         290         124         133         256         254         255         253
         132         290         289         133         132         254         252         253         251
         189         289         288         132         130         252         250         251         249
         188         288         294         130         137         250         262         249         260
         167         137         136         123         135         260         259         248         247
         166         136         125         135         128         259         257         247         246
         175         125         124         128         126         257         255         246         245
         175         124         133         126         131         255         253         245         244
         187         133         132         131         121         253         251         244         243
         189         132         130         121         120         251         249         243         242
         191         130         137         120         123         249         260         242         248
         167         123         135         122         118         248         247         241         240
         169         135         128         118         119         247         246         240         239
         173         128         126         119         287         246         245         239         238
         174         126         131         287         286         245         244         238         237
         185         131         121         286         285         244         243         237         236
         184         121         120         285         284         243         242         236         235
         190         120         123         284         122         242         248         235         241
         160         122         118         283         282         241         240         234         233
         168         118         119         282         281         240         239         233         232
         171         119         287         281         280         239         238         232         231
          17         287         286         280         279         238         237         231           4
          19         286         285         279         278         237         236           4           6
          19         285         284         278         277         236         235           6         230
         180         284         122         277         283         235         241         230         234
          13         283         282         276         275         234         233           2          31
          12         282         281         275         274         233         232          31          30
          31         281         280         274         273         232         231          30          19
          30         280         279         273         272         231           4          19           3
          23         279         278         272         271           4           6           3           5
           3         278         277         271         270           6         230           5           1
           1         277         283         270         276         230         234           1           2
          13         276         275         269         268           2          31          27          29
          35         275         274         268         267          31          30          29          28
          31         274         273         267         266          30          19          28          26
          29         273         272         266         265          19           3          26          25
          28         272         271         265         264           3           5          25          24
           3         271         270         264         263           5           1          24          23
           0         270         276         263         269           1           2          23          27
          33         269         268         294         293          27          29         262         261
          35         268         267         293         292          29          28         261         258
          41         267         266         292         291          28          26         258         256
          40         266         265         291         290          26          25         256         254
          51         265         264         290         289          25          24         254         252
          50         264         263         289         288          24          23         252         250
          32         263         269         288         294          23          27         250         262
          87         262         261         260         259         114         113          59          38
          85         261         258         259         257         113         112          38          36
          84         258         256         257         255         112         111          36         110
          49         256         254         255         253         111          94         110         107
          48         254         252         253         251          94          92         107         106
          53         252         250         251         249          92         109         106         108
          75         250         262         249         260         109         114         108          59
          87         260         259         248         247          59          38          58          57
          85         259         257         247         246          38          36          57          56
          83         257         255         246         245          36         110          56          55
          82         255         253         245         244         110         107          55          62
         105         253         251         244         243         107         106          62          61
         111         251         249         243         242         106         108          61          60
         111         249         260         242         248         108          59          60          58
         119         248         247         241         240          58          57         105         104
         119         247         246         240         239          57          56         104         103
         121         246         245         239         238          56          55         103         102
         104         245         244         238         237          55          62         102         101
         107         244         243         237         236          62          61         101         100
         109         243         242         236         235          61          60         100          99
         110         242         248         235         241          60          58          99         105
          11         241         240         234         233         105         104          89          88
          10         240         239         233         232         104         103          88          85
          27         239         238         232         231         103         102          85          83
          16         238         237         231           4         102         101          83          81
          22         237         236           4           6         101         100          81          79
          18         236         235           6         230         100          99          79          77
           9         235         241         230         234          99         105          77          89
          11         234         233           2          31          89          88          12          22
          15         233         232          31          30          88          85          22          21
          27         232         231          30          19          85          83          21          18
          25         231           4          19           3          83          81          18          11
          23           4           6           3           5          81          79          11           9
           7           6         230           5           1          79          77           9           8
           5         230         234           1           2          77          89           8          12
          14           2          31          27          29          12          22          16          20
          45          31          30          29          28          22          21          20           7
          43          30          19          28          26          21          18           7          17
          29          19           3          26          25          18          11          17          15
          21           3           5          25          24          11           9          15          14
           2           5           1          24          23           9           8          14          13
           4           1           2          23          27           8          12          13          16
          39          27          29         262         261          16          20         114         113
          34          29          28         261         258          20           7         113         112
          43          28          26         258         256           7          17         112         111
          42          26          25         256         254          17          15         111          94
          51          25          24         254         252          15          14          94          92
          53          24          23         252         250          14          13          92         109
          38          23          27         250         262          13          16         109         114
          89         114         113          59          38          98          97          40          37
          93         113         112          38          36          97          96          37          35
          81         112         111          36         110          96          95          35          39
          67         111          94         110         107          95          93          39          32
          71          94          92         107         106          93          91          32          34
          79          92         109         106         108          91          90          34          33
          75         109         114         108          59          90          98          33          40
          91          59          38          58          57          40          37          54          53
          86          38          36          57          56          37          35          53          52
          83          36         110          56          55          35          39          52          51
          67         110         107          55          62          39          32          51          50
          65         107         106          62          61          32          34          50          49
          73         106         108          61          60          34          33          49          48
          74         108          59          60          58          33          40          48          54
         117          58          57         105         104          54          53          47          44
         118          57          56         104         103          53          52          44          45
         120          56          55         103         102          52          51          45          43
         123          55          62         102         101          51          50          43          46
         107          62          61         101         100          50          49          46          42
         109          61          60         100          99          49          48          42          41
         108          60          58          99         105          48          54          41          47
         117         105         104          89          88          47          44          87          86
         116         104         103          88          85          44          45          86          84
         122         103         102          85          83          45          43          84          82
         127         102         101          83          81          43          46          82          80
         106         101         100          81          79          46          42          80          78
          99         100          99          79          77          42          41          78          76
         103          99         105          77          89          41          47          76          87
           8          89          88          12          22          87          86          75          74
          15          88          85          22          21          86          84          74          73
          26          85          83          21          18          84          82          73          72
          24          83          81          18          11          82          80          72          10
          20          81          79          11           9          80          78          10          71
           7          79          77           9           8          78          76          71          70
           6          77          89           8          12          76          87          70          75
          37          12          22          16          20          75          74          69          68
          45          22          21          20           7          74          73          68          67
          44          21          18           7          17          73          72          67          66
          59          18          11          17          15          72          10          66          65
          63          11           9          15          14          10          71          65          64
          62           9           8          14          13          71          70          64          63
          55           8          12          13          16          70          75          63          69
          39          16          20         114         113          69          68          98          97
          47          20           7         113         112          68          67          97          96
          47           7          17         112         111          67          66          96          95
          58          17          15         111          94          66          65          95          93
          63          15          14          94          92          65          64          93          91
          52          14          13          92         109          64          63          91          90
          54          13          16         109         114          63          69          90          98
          88          98          97          40          37         343         342         341         340
          95          97          96          37          35         342         339         340         338
          93          96          95          35          39         339         337         338         336
          70          95          93          39          32         337         335         336         334
          71          93          91          32          34         335         333         334         332
          79          91          90          34          33         333         331         332         330
          77          90          98          33          40         331         343         330         341
          91          40          37          54          53         341         340         329         328
          90          37          35          53          52         340         338         328         327
          80          35          39          52          51         338         336         327         326
          66          39          32          51          50         336         334         326         325
          64          32          34          50          49         334         332         325         324
          78          34          33          49          48         332         330         324         323
          72          33          40          48          54         330         341         323         329
         115          54          53          47          44         329         328         322         321
         125          53          52          44          45         328         327         321         320
         123          52          51          45          43         327         326         320         319
         126          51          50          43          46         326         325         319         318
          97          50          49          46          42         325         324         318         317
          96          49          48          42          41         324         323         317         316
         102          48          54          41          47         323         329         316         322
         115          47          44          87          86         322         321         315         314
         114          44          45          86          84         321         320         314         313
         125          45          43          84          82         320         319         313         312
         127          43          46          82          80         319         318         312         311
          98          46          42          80          78         318         317         311         310
          99          42          41          78          76         317         316         310         309
         103          41          47          76          87         316         322         309         315
         113          87          86          75          74         315         314         308         307
         112          86          84          74          73         314         313         307         306
         124          84          82          73          72         313         312         306         305
          57          82          80          72          10         312         311         305         304
          61          80          78          10          71         311         310         304         303
         101          78          76          71          70         310         309         303         302
         100          76          87          70          75         309         315         302         308
          36          75          74          69          68         308         307         301         300
          46          74          73          68          67         307         306         300         299
          56          73          72          67          66         306         305         299         298
          59          72          10          66          65         305         304         298         297
          61          10          71          65          64         304         303         297         296
          60          71          70          64          63         303         302         296         295
          55          70          75          63          69         302         308         295         301
          94          69          68          98          97         301         300         343         342
          95          68          67          97          96         300         299         342         339
          92          67          66          96          95         299         298         339         337
          69          66          65          95          93         298         297         337         335
          68          65          64          93          91         297         296         335         333
          76          64          63          91          90         296         295         333         331
          77          63          69          90          98         295         301         331         343
