       60       73        5       32      240       73        0
       15       16       21       30       20
       15       16       18       21       17
       14       16       30       27       24
       14       18       16       28       27
       23       40       44       43       42
       23       46       45       41       47
       17        7       61       37       62
       31       57       60       54        6
        5       13        9       12       10
       10       65       71       14       31
        7       12       10       11       66
       13       17       22       21       19
       11       22       33       19       14
       13       33       22       23       32
        2       26       13        8       12
        1       32       26       23        8
        7       10        9       25       29
        5       13       27        9       24
        9       19       15       21       20
       10       19       14       15       31
        4       28       27       26       13
       11       72       65       33       14
        6       66       10       67       25
        4        9       24       29       30
       31       59       58       60        6
        8       31       25       15       29
        9       30       20       29       15
        1       23        8       64       69
       30       56       57       55       54
        3       66       73       11       68
        2        8       12       69       11
        0       64       72       23       33
       12       18       32       17       22
        6       71       67       31       25
       12       28       26       18       32
        3       69       11       70       68
       22       41       47       40       44
       26       61       48       62       51
       16       34       36        5       35
       27        4        3       50       49
       21       43       42        2       38
       29       52       56        1       55
       29       73       53       68       63
       21       70       68       39       63
       20       44       69       42       70
       19       45       72       47       64
       22       47       64       44       69
       17        7       37       34       36
       20       42       70       38       39
       19       37       62       72       65
       26       62       51       65       71
       18       36       45       35       46
       25       50       49       59       58
       18       37       72       36       45
       30       66       67       57       60
       24       71       59       67       60
       28       73       66       56       57
       27       48        4       51       50
       28       53       73       52       56
       25       51       50       71       59
