       88      105        6       64      352      105        0
       53       91       90      101       66
       35       91       93       90       48
       11       91      101       13       11
       10       93       91       14       13
       27       31       45       34       44
       45       56       65       97       96
       39       64       87       62       86
        2        8      102       47       98
        8       15       20       17       16
       51       85       68       84       69
        5       17       16        9       10
       34       48       49       90       89
       32       49       51       89       84
       33       51       49      104       92
       13       12       15       19       17
       15       92       12      104       19
        1       16       20       99      100
        9       15       13       20       11
       52       89       67       90       66
       55       89       84       67       69
       13       14       13       12       15
       38       50       85       51       84
        4       10       16      103       99
       11       20       11      100      101
       61       81       74      102       98
       55       69       99       67      100
       53      101       66      100       67
       15      104       19      105       18
        3       43        8       46       47
        5       10       42        9       41
        7       19       17       18        9
       37      105       50      104       51
       35       93       92       48       49
       54       68      103       69       99
       12       14       12       93       92
        7       18        9       40       41
       24       97       96       31       45
       50       87       83       86       80
       47       59       63       61       58
       63       77       79       82       76
       29       34       44       36       33
       23       28       43       26       46
       16       42       22       41       37
       28       40       41       39       37
        6       45       18       44       40
       37       65       50       96      105
       14       96      105       45       18
       43       64       62       59       63
       29       44       40       33       39
       39       62       86       50       85
       51       86       80       85       68
       44       63       65       58       56
       62       82       76       81       74
       36       62       50       63       65
        0       10      103        8      102
       48       68       81      103      102
        0       42       10       43        8
       59       83       77       80       82
       17       22       42       28       43
       49       80       82       68       81
       47       61       58       60       55
       46       55       58       57       56
       45       57       56       94       97
       25       94       97       30       31
       27       30       31       29       34
       26       29       34       35       36
       31       35       36        7        6
       31       33       32       36        6
       30       39       38       33       32
       19       37        5       39       38
       19       37       22        5       21
       18       22       28       21       27
       23       28       26       27       24
       22       26       25       24        4
       21       46        3       26       25
       21       47       23       46        3
       20       98       95       47       23
       61       74       73       98       95
       60       76       75       74       73
       63       79       78       76       75
       56       70        2       79       78
       57       79       77       70       72
       59       72       77       71       83
       58       71       83       88       87
       42       88       87       53       64
       43       53       64       54       59
       40       54       59       52       61
       41       52       61        1       60
