         424         575           8         256        3392         575           0
         113         229         208         228         207         206         205         176         175
         119         228         207         227         204         176         175         203         202
          99         227         204         226         162         203         202         199         198
          98         162         164         226         163         198         197         199         196
         101         164         169         163         170         197         195         196         194
         111         170         169         165         168         194         195         193         192
         111         165         168         167         166         193         192         191         190
         105         167         166         229         208         191         190         206         205
         104         166         168         208         201         190         192         205         200
         119         208         201         207         204         205         200         175         202
          99         201         164         204         162         200         197         202         198
         101         201         168         164         169         200         192         197         195
         113         206         205         176         175         171         185         174         173
         118         176         175         203         202         174         173         172         183
         118         203         202         199         198         172         183         188         189
         123         198         197         199         196         189         179         188         177
         123         197         195         196         194         179         181         177         182
         127         194         195         193         192         182         181         178         180
         127         193         192         191         190         178         180         187         186
         115         191         190         206         205         187         186         171         185
         126         190         192         205         200         186         180         185         184
         112         205         200         175         202         185         184         173         183
         122         200         197         202         198         184         179         183         189
         126         200         192         197         195         184         180         179         181
         114         171         185         174         173         575         574         573         572
         117         174         173         172         183         573         572         571         570
         116         172         183         188         189         571         570         569         568
         122         189         179         188         177         568         567         569         566
         121         179         181         177         182         567         565         566         564
         125         182         181         178         180         564         565         563         562
         125         178         180         187         186         563         562         561         560
         115         187         186         171         185         561         560         575         574
         124         186         180         185         184         560         562         574         559
         117         185         184         173         183         574         559         572         570
         120         184         179         183         189         559         567         570         568
         121         184         180         179         181         559         562         567         565
         243         575         574         573         572         454         453         452         451
         241         573         572         571         570         452         451         460         461
         240         571         570         569         568         460         461         465         466
         249         568         567         569         566         466         459         465         458
         255         567         565         566         564         459         456         458         455
         254         564         565         563         562         455         456         464         463
         246         563         562         561         560         464         463         450         449
         247         561         560         575         574         450         449         454         453
         247         560         562         574         559         449         463         453         462
         243         574         559         572         570         453         462         451         461
         249         559         567         570         568         462         459         461         466
         255         559         562         567         565         462         463         459         456
         245         454         453         452         451         487         486         485         484
         241         452         451         460         461         485         484         483         482
         248         460         461         465         466         483         482         481         480
         251         466         459         465         458         480         479         481         457
         253         459         456         458         455         479         478         457         477
         254         455         456         464         463         477         478         476         475
         246         464         463         450         449         476         475         474         473
         245         450         449         454         453         474         473         487         486
         244         449         463         453         462         473         475         486         472
         242         453         462         451         461         486         472         484         482
         251         462         459         461         466         472         479         482         480
         253         462         463         459         456         472         475         479         478
         239         487         486         485         484         448         447         446         445
         231         485         484         483         482         446         445         442         441
         227         483         482         481         480         442         441         508         471
         250         480         479         481         457         471         470         508         507
         250         479         478         457         477         470         469         507         506
         235         477         478         476         475         506         469         505         467
         238         476         475         474         473         505         467         444         443
         239         474         473         487         486         444         443         448         447
         238         473         475         486         472         443         467         447         468
         226         486         472         484         482         447         468         445         441
         227         472         479         482         480         468         470         441         471
         252         472         475         479         478         468         467         470         469
         230         448         447         446         445         504         503         502         501
         229         446         445         442         441         502         501         500         499
         225         442         441         508         471         500         499         498         497
         224         471         470         508         507         497         496         498         495
         234         470         469         507         506         496         494         495         493
         235         506         469         505         467         493         494         492         491
         233         505         467         444         443         492         491         490         489
         237         444         443         448         447         490         489         504         503
         233         443         467         447         468         489         491         503         488
         231         447         468         445         441         503         488         501         499
         225         468         470         441         471         488         496         499         497
         232         468         467         470         469         488         491         496         494
         229         446         442         558         557         502         500         556         555
         228         442         508         557         554         500         498         555         553
         198         507         552         508         554         495         551         498         553
         189         558         557         341         408         556         555         340         407
         187         341         408         406         405         340         407         404         403
         187         406         405         402         401         404         403         400         399
         143         557         554         408         290         555         553         407         392
         139         290         288         408         405         392         390         407         403
         139         405         288         401         286         403         390         399         285
         230         446         558         448         550         502         556         504         549
         237         448         550         444         548         504         549         490         547
         188         550         558         398         341         549         556         397         340
         191         341         406         398         396         340         404         397         395
         157         396         406           4         402         395         404         386         400
         143         552         287         554         290         551         295         553         392
         141         287         289         290         288         295         294         392         390
         137         289         284         288         286         294         293         390         285
         236         548         546         444         505         547         545         490         492
         207         546         544         505         506         545         543         492         493
         207         544         552         506         507         543         551         493         495
         153         548         550         304         398         547         549         384         397
         156         304         398         303         396         384         397         302         395
         157         303         396         299           4         302         395         298         386
         158         299         301         303         300         298         310         302         309
         152         303         300         304         297         302         309         384         308
         153         304         297         548         546         384         308         547         545
         155         301         325         300         324         310         323         309         322
         155         300         324         297         321         309         322         308         320
         154         297         321         546         544         308         320         545         543
         140         321         287         544         552         320         295         543         551
         141         324         289         321         287         322         294         320         295
         136         325         284         324         289         323         293         322         294
         213         504         503         502         501         542         425         541         426
         221         502         501         500         499         541         426         540         440
         199         500         499         498         497         540         440         410         409
         199         497         496         498         495         409         414         410         412
         205         496         494         495         493         414         413         412         411
         204         493         494         492         491         411         413         439         438
         209         492         491         490         489         439         438         415         423
         213         490         489         504         503         415         423         542         425
         212         489         491         503         488         423         438         425         437
         221         503         488         501         499         425         437         426         440
         195         488         496         499         497         437         414         440         409
         205         488         491         496         494         437         438         414         413
         215         502         500         556         555         541         540         539         538
         197         500         498         555         553         540         410         538         537
         198         495         551         498         553         412         536         410         537
         189         556         555         340         407         539         538         357         356
         186         340         407         404         403         357         356         343         394
         186         404         403         400         399         343         394         342         393
         185         555         553         407         392         538         537         356         391
         185         392         390         407         403         391         389         356         394
         138         403         390         399         285         394         389         393         380
         215         502         556         504         549         541         539         542         535
         214         504         549         490         547         542         535         415         534
         190         549         556         397         340         535         539         388         357
         191         340         404         397         395         357         343         388         387
         183         395         404         386         400         387         343         385         342
         142         551         295         553         392         536         378         537         391
         142         295         294         392         390         378         292         391         389
         137         294         293         390         285         292         291         389         380
         209         547         545         490         492         534         533         415         439
         206         545         543         492         493         533         532         439         411
         206         543         551         493         495         532         536         411         412
         190         547         549         384         397         534         535         383         388
         159         384         397         302         395         383         388         375         387
         159         302         395         298         386         375         387         373         385
         158         298         310         302         309         373         307         375         306
         154         302         309         384         308         375         306         383         305
         147         384         308         547         545         383         305         534         533
         149         310         323         309         322         307         319         306         318
         146         309         322         308         320         306         318         305         317
         147         308         320         545         543         305         317         533         532
         133         320         295         543         551         317         378         532         536
         131         322         294         320         295         318         292         317         378
         131         323         293         322         294         319         291         318         292
         223         542         425         541         426         531         424         530         420
         223         541         426         540         440         530         420         529         436
         193         540         440         410         409         529         436         528         433
         193         409         414         410         412         433         430         528         527
         201         414         413         412         411         430         428         527         526
         203         411         413         439         438         526         428         525         435
         211         439         438         415         423         525         435         524         422
         210         415         423         542         425         524         422         531         424
         217         423         438         425         437         422         435         424         434
         220         425         437         426         440         424         434         420         436
         195         437         414         440         409         434         430         436         433
         194         437         438         414         413         434         435         430         428
         167         541         540         539         538         530         529         355         523
         197         540         410         538         537         529         528         523         522
         196         412         536         410         537         527         521         528         522
         184         539         538         357         356         355         523         354         353
         179         357         356         343         394         354         353         352         351
         183         343         394         342         393         352         351         339         338
         165         538         537         356         391         523         522         353         382
         179         391         389         356         394         382         381         353         351
         178         394         389         393         380         351         381         338         379
         169         541         539         542         535         530         355         531         520
         214         542         535         415         534         531         520         524         519
         171         535         539         388         357         520         355         350         354
         182         357         343         388         387         354         352         350         349
         182         387         343         385         342         349         352         336         339
         161         536         378         537         391         521         377         522         382
         132         378         292         391         389         377         367         382         381
         129         292         291         389         380         367         283         381         379
         208         534         533         415         439         519         518         524         525
         200         533         532         439         411         518         517         525         526
         201         532         536         411         412         517         521         526         527
         168         534         535         383         388         519         520         376         350
         175         383         388         375         387         376         350         374         349
         181         375         387         373         385         374         349         372         336
         148         373         307         375         306         372         296         374         361
         145         375         306         383         305         374         361         376         360
         145         383         305         534         533         376         360         519         518
         149         307         319         306         318         296         316         361         315
         150         306         318         305         317         361         315         360         314
         144         305         317         533         532         360         314         518         517
         133         317         378         532         536         314         377         517         521
         134         318         292         317         378         315         367         314         377
         130         319         291         318         292         316         283         315         367
         222         531         424         530         420         516         419         515         418
         222         530         420         529         436         515         418         514         417
         218         529         436         528         433         514         417         513         432
         192         433         430         528         527         432         429         513         512
         202         430         428         527         526         429         427         512         511
         203         526         428         525         435         511         427         510         431
         211         525         435         524         422         510         431         509         421
         216         524         422         531         424         509         421         516         419
         217         422         435         424         434         421         431         419         416
         218         424         434         420         436         419         416         418         417
         219         434         430         436         433         416         429         417         432
         219         434         435         430         428         416         431         429         427
         167         530         529         355         523         515         514         333         326
         166         529         528         523         522         514         513         326         328
         163         527         521         528         522         512         371         513         328
         166         355         523         354         353         333         326         348         347
         177         354         353         352         351         348         347         346         345
         177         352         351         339         338         346         345         337         334
         165         523         522         353         382         326         328         347         327
         164         382         381         353         351         327         370         347         345
         176         351         381         338         379         345         370         334         369
         169         530         355         531         520         515         333         516         332
         173         531         520         524         519         516         332         509         330
         171         520         355         350         354         332         333         331         348
         170         354         352         350         349         348         346         331         344
         180         349         352         336         339         344         346         335         337
         161         521         377         522         382         371         368         328         327
         160         377         367         382         381         368         366         327         370
         129         367         283         381         379         366         282         370         369
         173         519         518         524         525         330         365         509         510
         162         518         517         525         526         365         364         510         511
         163         517         521         526         527         364         371         511         512
         175         519         520         376         350         330         332         329         331
         174         376         350         374         349         329         331         363         344
         181         374         349         372         336         363         344         362         335
         151         372         296         374         361         362           3         363         359
         174         374         361         376         360         363         359         329         358
         172         376         360         519         518         329         358         330         365
         151         296         316         361         315           3         313         359         312
         150         361         315         360         314         359         312         358         311
         135         360         314         518         517         358         311         365         364
         135         314         377         517         521         311         368         364         371
         134         315         367         314         377         312         366         311         368
         128         316         283         315         367         313         282         312         366
          73         281         159         280         156         279         158         278         154
          72         280         156         277         155         278         154         276         153
          65         277         155         275         161         276         153         274         160
          87         161         136         275         273         160         144         274         272
          85         136         135         273         271         144         143         272         270
          84         271         135         269         138         270         143         268         142
          81         269         138         267         134         268         142         266         140
          81         267         134         281         159         266         140         279         158
          83         134         138         159         137         140         142         158         157
          82         159         137         156         155         158         157         154         153
          87         137         136         155         161         157         144         153         160
          85         137         138         136         135         157         142         144         143
          55         280         277          86          85         278         276         261         260
          55         277         275          85          64         276         274         260         257
          51         273          62         275          64         272         255         274         257
          45          86          85          54          84         261         260         130         129
          44          54          84         128         127         130         129         126         125
          21         128         127          24          21         126         125          23          20
          54          85          64          84          63         260         257         129         124
          53          63         123          84         127         124         122         129         125
          23         127         123          21         118         125         122          20         117
          47         280          86         281          52         278         261         279         253
          46         281          52         267          61         279         253         266         251
          45          52          86          53          54         253         261         121         130
          41          54         128          53         120         130         126         121         119
          19         120         128         116          24         119         126         115          23
          49          62          72          64          63         255          71         257         124
          53          72          74          63         123          71          73         124         122
          61          74          68         123         118          73          67         122         117
          35          61          51         267         269         251         249         266         268
          34          51          83         269         271         249         248         268         270
          51          83          62         271         273         248         255         270         272
          46          61          52          60          53         251         253          59         121
          43          60          53          58         120          59         121          57         119
          41          58         120          56         116          57         119          55         115
          39          56          82          58          81          55          80          57          79
          39          58          81          60          78          57          79          59          76
          37          60          78          61          51          59          76         251         249
          63          82          66          81          65          80          70          79          69
          63          81          65          78          77          79          69          76          75
          36          78          77          51          83          76          75         249         248
          50          77          72          83          62          75          71         248         255
          62          65          74          77          72          69          73          75          71
          62          66          68          65          74          70          67          69          73
          73         279         158         278         154         148         147         133         132
          75         278         154         276         153         133         132         131         145
          67         276         153         274         160         131         145         150         152
          86         160         144         274         272         152         151         150         265
          94         144         143         272         270         151         139         265         264
          95         270         143         268         142         264         139         263         141
          91         268         142         266         140         263         141         262         149
          80         266         140         279         158         262         149         148         147
          83         140         142         158         157         149         141         147         146
          75         158         157         154         153         147         146         132         145
          86         157         144         153         160         146         151         145         152
          95         157         142         144         143         146         141         151         139
          64         278         276         261         260         133         131         259         258
          65         276         274         260         257         131         150         258         256
          66         272         255         274         257         265         254         150         256
          17         261         260         130         129         259         258         111         114
          17         130         129         126         125         111         114          36          35
          21         126         125          23          20          36          35          22          19
          54         260         257         129         124         258         256         114         113
          16         124         122         129         125         113         108         114          35
          23         125         122          20         117          35         108          19         106
          77         278         261         279         253         133         259         148         252
          77         279         253         266         251         148         252         262         250
          47         253         261         121         130         252         259         112         111
          20         130         126         121         119         111          36         112         103
          19         119         126         115          23         103          36         101          22
          49         255          71         257         124         254         110         256         113
          52          71          73         124         122         110         109         113         108
          61          73          67         122         117         109         107         108         106
          35         251         249         266         268         250         247         262         263
          89         249         248         268         270         247         246         263         264
          48         248         255         270         272         246         254         264         265
          42         251         253          59         121         250         252         105         112
          43          59         121          57         119         105         112         104         103
          40          57         119          55         115         104         103         102         101
          38          55          80          57          79         102         100         104          99
          38          57          79          59          76         104          99         105          98
          37          59          76         251         249         105          98         250         247
          59          80          70          79          69         100          97          99          96
          59          79          69          76          75          99          96          98          95
          33          76          75         249         248          98          95         247         246
          57          75          71         248         255          95         110         246         254
          56          69          73          75          71          96         109          95         110
          60          70          67          69          73          97         107          96         109
          79         148         147         133         132         225         224         223         222
          69         133         132         131         145         223         222         221         220
          71         131         145         150         152         221         220         219         218
          67         152         151         150         265         218         217         219         216
          94         151         139         265         264         217         215         216         214
          91         264         139         263         141         214         215         213         212
          90         263         141         262         149         213         212         211         210
          79         262         149         148         147         211         210         225         224
          93         149         141         147         146         210         212         224         209
          74         147         146         132         145         224         209         222         220
          92         146         151         145         152         209         217         220         218
          93         146         141         151         139         209         212         217         215
          69         133         131         259         258         223         221         245         244
          71         131         150         258         256         221         219         244         243
          70         265         254         150         256         216         242         219         243
          31         259         258         111         114         245         244          30          50
          27         111         114          36          35          30          50          34          33
          22          36          35          22          19          34          33          32          31
          27         258         256         114         113         244         243          50          49
          26         113         108         114          35          49          48          50          33
          22          35         108          19         106          33          48          31          47
          78         133         259         148         252         223         245         225         241
          76         148         252         262         250         225         241         211         240
          31         252         259         112         111         241         245          46          30
          29         111          36         112         103          30          34          46          45
          18         103          36         101          22          45          34          44          32
           3         254         110         256         113         242          87         243          49
           5         110         109         113         108          87           8          49          48
           7         109         107         108         106           8           5          48          47
          90         250         247         262         263         240         239         211         213
          89         247         246         263         264         239         238         213         214
          88         246         254         264         265         238         242         214         216
           9         250         252         105         112         240         241          94          46
          11         105         112         104         103          94          46          14          45
          15         104         103         102         101          14          45           9          44
          15         102         100         104          99           9          92          14          90
          10         104          99         105          98          14          90          94          93
          32         105          98         250         247          94          93         240         239
          58         100          97          99          96          92          91          90          89
          58          99          96          98          95          90          89          93          88
          33          98          95         247         246          93          88         239         238
          57          95         110         246         254          88          87         238         242
           2          96         109          95         110          89           8          88          87
           7          97         107          96         109          91           5          89           8
         107         225         224         223         222         229         208         228         207
          97         223         222         221         220         228         207         227         204
          97         221         220         219         218         227         204         226         162
         103         218         217         219         216         162         164         226         163
         103         217         215         216         214         164         169         163         170
         110         214         215         213         212         170         169         165         168
         109         213         212         211         210         165         168         167         166
         105         211         210         225         224         167         166         229         208
         106         210         212         224         209         166         168         208         201
         107         224         209         222         220         208         201         207         204
          96         209         217         220         218         201         164         204         162
         100         209         212         217         215         201         168         164         169
          68         223         221         245         244         228         227         237         236
          70         221         219         244         243         227         226         236         235
         102         216         242         219         243         163         234         226         235
          30         245         244          30          50         237         236          29          43
          25          30          50          34          33          29          43          28          26
          25          34          33          32          31          28          26          27          25
           4         244         243          50          49         236         235          43          42
          26          49          48          50          33          42          41          43          26
          24          33          48          31          47          26          41          25          40
          78         223         245         225         241         228         237         229         233
         108         225         241         211         240         229         233         167         232
          30         241         245          46          30         233         237          39          29
          29          30          34          46          45          29          28          39          38
          28          45          34          44          32          38          28          37          27
           3         242          87         243          49         234           7         235          42
           5          87           8          49          48           7           6          42          41
           6           8           5          48          47           6           2          41          40
         109         240         239         211         213         232         231         167         165
         110         239         238         213         214         231         230         165         170
         102         238         242         214         216         230         234         170         163
           9         240         241          94          46         232         233          12          39
          11          94          46          14          45          12          39          13          38
          14          14          45           9          44          13          38           1          37
          14           9          92          14          90           1          11          13          10
          13          14          90          94          93          13          10          12          18
           8          94          93         240         239          12          18         232         231
          12          92          91          90          89          11          17          10          16
          13          90          89          93          88          10          16          18          15
           1          93          88         239         238          18          15         231         230
           1          88          87         238         242          15           7         230         234
           0          89           8          88          87          16           6          15           7
           6          91           5          89           8          17           2          16           6
