         792         931           9         512        6336         931           0
         503         716         744         723         743         715         742         722         741
         481         743         744         740         714         741         742         738         713
         497         716         810         744         809         715         808         742         807
         481         744         809         714         806         742         807         713         805
         411         806         809         616         624         805         807         692         691
         403         809         810         624         794         807         808         691         792
         403         624         794         622         613         691         792         690         689
         401         613           1         622         612         689         687         690         686
         410         623         616         622         624         684         692         690         691
         402         612         621         622         623         686         683         690         684
         502         743         740         723         739         741         738         722         737
         491         714         707         740         706         713         712         738         711
         489         706         707         735         736         711         712         732         734
         491         714         806         707         804         713         805         712         803
         490         707         804         736         802         712         803         734         801
         413         802         804         620         619         801         803         640         682
         411         804         806         619         616         803         805         682         692
         409         619         616         617         623         682         692         680         684
         408         623         621         617         618         684         683         680         678
         409         639         620         617         619         638         640         680         682
         414         618         637         617         639         678         636         680         638
         489         706         735         740         739         711         732         738         737
         511         736         717         735         721         734         733         732         731
         511         721         717         720         719         731         733         728         718
         510         736         802         717         800         734         801         733         799
         510         717         800         719         798         733         799         718         797
         399         798         800         631         635         797         799         782         634
         412         800         802         635         620         799         801         634         640
         414         635         620         633         639         634         640         632         638
         393         639         637         633         605         638         636         632         606
         395         630         631         633         635         628         782         632         634
         392         605         627         633         630         606         626         632         628
         507         721         720         735         739         731         728         732         737
         506         719         727         720         726         718         725         728         724
         496         726         727         723         716         724         725         722         715
         509         719         798         727         796         718         797         725         795
         499         727         796         716         810         725         795         715         808
         499         810         796         794         793         808         795         792         791
         407         796         798         793         631         795         797         791         782
         405         793         631         615         630         791         782         629         628
         404         630         627         615         614         628         626         629         625
         405         613         794         615         793         689         792         629         791
         401         614           1         615         613         625         687         629         689
         507         726         723         720         739         724         722         728         737
         503         715         742         722         741         767         766         765         730
         483         741         742         738         713         730         766         729         708
         498         715         808         742         807         767         790         766         789
         483         742         807         713         805         766         789         708         788
         441         805         807         692         691         788         789         664         649
         441         807         808         691         792         789         790         649         772
         447         691         792         690         689         649         772         648         688
         447         689         687         690         686         688         685         648         647
         446         684         692         690         691         663         664         648         649
         446         686         683         690         684         647         662         648         663
         501         741         738         722         737         730         729         765         764
         480         713         712         738         711         708         709         729         710
         493         711         712         732         734         710         709         763         762
         495         713         805         712         803         708         788         709         787
         495         712         803         734         801         709         787         762         786
         413         801         803         640         682         786         787         676         681
         425         803         805         682         692         787         788         681         664
         427         682         692         680         684         681         664         679         663
         427         684         683         680         678         663         662         679         677
         415         638         640         680         682         674         676         679         681
         415         678         636         680         638         677         672         679         674
         488         711         732         738         737         710         763         729         764
         493         734         733         732         731         762         761         763         760
         505         731         733         728         718         760         761         759         758
         492         734         801         733         799         762         786         761         785
         508         733         799         718         797         761         785         758         784
         399         797         799         782         634         784         785         780         611
         397         799         801         634         640         785         786         611         676
         396         634         640         632         638         611         676         610         674
         393         638         636         632         606         674         672         610         609
         398         628         782         632         634         608         780         610         611
         394         606         626         632         628         609         607         610         608
         504         731         728         732         737         760         759         763         764
         505         718         725         728         724         758         757         759         756
         500         724         725         722         715         756         757         765         767
         509         718         797         725         795         758         784         757         783
         497         725         795         715         808         757         783         767         790
         407         808         795         792         791         790         783         772         781
         475         795         797         791         782         783         784         781         780
         395         791         782         629         628         781         780         670         608
         385         628         626         629         625         608         607         670         668
         406         689         792         629         791         688         772         670         781
         400         625         687         629         689         668         685         670         688
         501         724         722         728         737         756         765         759         764
         487         767         766         765         730         755         754         753         752
         485         730         766         729         708         752         754         751         750
         467         767         790         766         789         755         779         754         778
         482         766         789         708         788         754         778         750         777
         443         788         789         664         649         777         778         661         654
         440         789         790         649         772         778         779         654         771
         445         649         772         648         688         654         771         653         652
         445         688         685         648         647         652         651         653         650
         442         663         664         648         649         660         661         653         654
         444         647         662         648         663         650         659         653         660
         487         730         729         765         764         752         751         753         749
         485         708         709         729         710         750         748         751         747
         494         710         709         763         762         747         748         746         745
         484         708         788         709         787         750         777         748         776
         494         709         787         762         786         748         776         745         775
         429         786         787         676         681         775         776         675         645
         425         787         788         681         664         776         777         645         661
         424         681         664         679         663         645         661         644         660
         426         663         662         679         677         660         659         644         643
         431         674         676         679         681         673         675         644         645
         431         677         672         679         674         643         671         644         673
         486         710         763         729         764         747         746         751         749
         459         762         761         763         760         745         705         746         694
         458         760         761         759         758         694         705         703         704
         459         762         786         761         785         745         775         705         774
         479         761         785         758         784         705         774         704         773
         391         784         785         780         611         773         774         769         768
         397         785         786         611         676         774         775         768         675
         390         611         676         610         674         768         675         666         673
         389         674         672         610         609         673         671         666         665
         391         608         780         610         611         604         769         666         768
         384         609         607         610         608         665         603         666         604
         455         760         759         763         764         694         703         746         749
         465         758         757         759         756         704         697         703         702
         467         756         757         765         767         702         697         753         755
         474         758         784         757         783         704         773         697         695
         473         757         783         767         790         697         695         755         779
         473         790         783         772         781         779         695         771         770
         475         783         784         781         780         695         773         770         769
         387         781         780         670         608         770         769         669         604
         385         608         607         670         668         604         603         669         667
         433         688         772         670         781         652         771         669         770
         433         668         685         670         688         667         651         669         652
         464         756         765         759         764         702         753         703         749
         471         755         754         753         752         882         881         880         879
         451         752         754         751         750         879         881         878         877
         471         755         779         754         778         882         876         881         875
         450         754         778         750         777         881         875         877         874
         443         777         778         661         654         874         875         658         873
         435         778         779         654         771         875         876         873         872
         435         654         771         653         652         873         872         657         871
         439         652         651         653         650         871         870         657         646
         438         660         661         653         654         656         658         657         873
         439         650         659         653         660         646         655         657         656
         453         752         751         753         749         879         878         880         869
         451         750         748         751         747         877         868         878         867
         449         747         748         746         745         867         868         866         865
         448         750         777         748         776         877         874         868         864
         449         748         776         745         775         868         864         865         863
         419         775         776         675         645         863         864         862         861
         419         776         777         645         661         864         874         861         658
         423         645         661         644         660         861         658         641         656
         422         660         659         644         643         656         655         641         642
         423         673         675         644         645         860         862         641         861
         430         643         671         644         673         642         859         641         860
         454         747         746         751         749         867         866         878         869
         457         745         705         746         694         865         701         866         693
         456         694         705         703         704         693         701         699         700
         457         745         775         705         774         865         863         701         858
         479         705         774         704         773         701         858         700         857
         478         773         774         769         768         857         858         856         855
         429         774         775         768         675         858         863         855         862
         428         768         675         666         673         855         862         854         860
         430         673         671         666         665         860         859         854         853
         388         604         769         666         768         852         856         854         855
         389         665         603         666         604         853         851         854         852
         455         694         703         746         749         693         699         866         869
         465         704         697         703         702         700         696         699         698
         466         702         697         753         755         698         696         880         882
         477         704         773         697         695         700         857         696         850
         476         697         695         755         779         696         850         882         876
         472         779         695         771         770         876         850         872         849
         478         695         773         770         769         850         857         849         856
         387         770         769         669         604         849         856         848         852
         386         604         603         669         667         852         851         848         847
         434         652         771         669         770         871         872         848         849
         432         667         651         669         652         847         870         848         871
         453         702         753         703         749         698         880         699         869
         305         882         881         880         879         814         477         815         476
         301         879         881         878         877         476         477         475         468
         305         882         876         881         875         814         812         477         845
         295         881         875         877         874         477         845         468         846
         417         874         875         658         873         846         845         844         843
         304         875         876         873         872         845         812         843         842
         437         873         872         657         871         843         842         841         840
         437         871         870         657         646         840         839         841         838
         417         656         658         657         873         837         844         841         843
         436         646         655         657         656         838         836         841         837
         317         879         878         880         869         476         475         815         818
         301         877         868         878         867         468         467         475         464
         302         867         868         866         865         464         467         826         828
         300         877         874         868         864         468         846         467         835
         303         868         864         865         863         467         835         828         822
         303         863         864         862         861         822         835         830         834
         418         864         874         861         658         835         846         834         844
         416         861         658         641         656         834         844         833         837
         421         656         655         641         642         837         836         833         832
         420         860         862         641         861         831         830         833         834
         421         642         859         641         860         832         829         833         831
         297         867         866         878         869         464         826         475         818
         463         865         701         866         693         828         827         826         825
         462         693         701         699         700         825         827         824         823
         461         865         863         701         858         828         822         827         821
         460         701         858         700         857         827         821         823         820
         355         857         858         856         855         820         821         538         819
         461         858         863         855         862         821         822         819         830
         359         855         862         854         860         819         830         522         831
         359         860         859         854         853         831         829         522         521
         353         852         856         854         855         541         538         522         819
         358         853         851         854         852         521         540         522         541
         463         693         699         866         869         825         824         826         818
         469         700         696         699         698         823         817         824         816
         469         698         696         880         882         816         817         815         814
         477         700         857         696         850         823         820         817         813
         468         696         850         882         876         817         813         814         812
         470         876         850         872         849         812         813         842         811
         352         850         857         849         856         813         820         811         538
         353         849         856         848         852         811         538         539         541
         371         852         851         848         847         541         540         539         523
         370         871         872         848         849         840         842         539         811
         371         847         870         848         871         523         839         539         840
         452         698         880         699         869         816         815         824         818
         311         814         477         815         476         469         474         500         473
         294         476         477         475         468         473         474         471         470
         309         814         812         477         845         469         594         474         472
         295         477         845         468         846         474         472         470         587
         289         846         845         844         843         587         472         600         602
         307         845         812         843         842         472         594         602         601
         375         843         842         841         840         602         601         569         528
         373         840         839         841         838         528         527         569         568
         335         837         844         841         843         503         600         569         602
         334         838         836         841         837         568         502         569         503
         317         476         475         815         818         473         471         500         499
         296         468         467         475         464         470         466         471         465
         299         464         467         826         828         465         466         498         497
         293         468         846         467         835         470         587         466         598
         302         467         835         828         822         466         598         497         599
         365         822         835         830         834         599         598         567         597
         289         835         846         834         844         598         587         597         600
         331         834         844         833         837         597         600         565         503
         329         837         836         833         832         503         502         565         564
         365         831         830         833         834         566         567         565         597
         367         832         829         833         831         564         563         565         566
         297         464         826         475         818         465         498         471         499
         315         828         827         826         825         497         496         498         495
         313         825         827         824         823         495         496         494         493
         314         828         822         827         821         497         599         496         595
         313         827         821         823         820         496         595         493         596
         355         820         821         538         819         596         595         537         518
         354         821         822         819         830         595         599         518         567
         357         819         830         522         831         518         567         520         566
         367         831         829         522         521         566         563         520         519
         357         541         538         522         819         536         537         520         518
         356         521         540         522         541         519         535         520         536
         315         825         824         826         818         495         494         498         499
         319         823         817         824         816         493         492         494         491
         318         816         817         815         814         491         492         500         469
         312         823         820         817         813         493         596         492         593
         306         817         813         814         812         492         593         469         594
         374         812         813         842         811         594         593         601         531
         383         813         820         811         538         593         596         531         537
         369         811         538         539         541         531         537         530         536
         369         541         540         539         523         536         535         530         529
         375         840         842         539         811         528         601         530         531
         368         523         839         539         840         529         527         530         528
         319         816         815         824         818         491         500         494         499
         311         469         474         500         473         490         489         488         487
         310         473         474         471         470         487         489         486         485
         309         469         594         474         472         490         583         489         581
         291         474         472         470         587         489         581         485         586
         291         587         472         600         602         586         581         590         592
         307         472         594         602         601         581         583         592         591
         372         602         601         569         528         592         591         562         561
         373         528         527         569         568         561         560         562         559
         335         503         600         569         602         508         590         562         592
         333         568         502         569         503         559         507         562         508
         316         473         471         500         499         487         486         488         484
         292         470         466         471         465         485         483         486         482
         299         465         466         498         497         482         483         481         480
         288         470         587         466         598         485         586         483         588
         293         466         598         497         599         483         588         480         589
         323         599         598         567         597         589         588         557         506
         330         598         587         597         600         588         586         506         590
         331         597         600         565         503         506         590         505         508
         332         503         502         565         564         508         507         505         504
         328         566         567         565         597         555         557         505         506
         329         564         563         565         566         504         554         505         555
         298         465         498         471         499         482         481         486         484
         277         497         496         498         495         480         453         481         454
         283         495         496         494         493         454         453         448         452
         276         497         599         496         595         480         589         453         584
         286         496         595         493         596         453         584         452         585
         361         596         595         537         518         585         584         534         558
         364         595         599         518         567         584         589         558         557
         366         518         567         520         566         558         557         556         555
         366         566         563         520         519         555         554         556         553
         363         536         537         520         518         533         534         556         558
         363         519         535         520         536         553         532         556         533
         282         495         494         498         499         454         448         481         484
         283         493         492         494         491         452         478         448         479
         318         491         492         500         469         479         478         488         490
         286         493         596         492         593         452         585         478         582
         308         492         593         469         594         478         582         490         583
         381         594         593         601         531         583         582         591         526
         383         593         596         531         537         582         585         526         534
         382         531         537         530         536         526         534         525         533
         377         536         535         530         529         533         532         525         524
         382         528         601         530         531         561         591         525         526
         376         529         527         530         528         524         560         525         561
         281         491         500         494         499         479         488         448         484
         259         490         489         488         487         443         446         455         447
         265         487         489         486         485         447         446         445         444
         261         490         583         489         581         443         579         446         580
         267         489         581         485         586         446         580         444         573
         290         586         581         590         592         573         580         576         578
         343         581         583         592         591         580         579         578         577
         343         592         591         562         561         578         577         517         543
         337         561         560         562         559         543         542         517         516
         325         508         590         562         592         512         576         517         578
         333         559         507         562         508         516         511         517         512
         258         487         486         488         484         447         445         455         458
         271         485         483         486         482         444         462         445         463
         279         482         483         481         480         463         462         461         460
         267         485         586         483         588         444         573         462         574
         279         483         588         480         589         462         574         460         575
         323         589         588         557         506         575         574         515         510
         321         588         586         506         590         574         573         510         576
         320         506         590         505         508         510         576         509         512
         324         508         507         505         504         512         511         509         501
         322         555         557         505         506         514         515         509         510
         327         504         554         505         555         501         513         509         514
         271         482         481         486         484         463         461         445         458
         277         480         453         481         454         460         450         461         451
         287         454         453         448         452         451         450         459         449
         278         480         589         453         584         460         575         450         571
         275         453         584         452         585         450         571         449         572
         361         585         584         534         558         572         571         552         551
         349         584         589         558         557         571         575         551         515
         350         558         557         556         555         551         515         549         514
         350         555         554         556         553         514         513         549         548
         360         533         534         556         558         550         552         549         551
         362         553         532         556         533         548         547         549         550
         280         454         448         481         484         451         459         461         458
         285         452         478         448         479         449         457         459         456
         263         479         478         488         490         456         457         455         443
         287         452         585         478         582         449         572         457         570
         263         478         582         490         583         457         570         443         579
         381         583         582         591         526         579         570         577         546
         380         582         585         526         534         570         572         546         552
         379         526         534         525         533         546         552         545         550
         377         533         532         525         524         550         547         545         544
         379         561         591         525         526         543         577         545         546
         378         524         560         525         561         544         542         545         543
         281         479         488         448         484         456         455         459         458
         259         443         446         455         447         931         930         929         928
         265         447         446         445         444         928         930         927         926
         261         443         579         446         580         931         925         930         924
         264         446         580         444         573         930         924         926         923
         342         573         580         576         578         923         924         922         921
         260         580         579         578         577         924         925         921         920
         341         578         577         517         543         921         920         919         918
         337         543         542         517         516         918         917         919         916
         341         512         576         517         578         915         922         919         921
         340         516         511         517         512         916         914         919         915
         257         447         445         455         458         928         927         929         913
         269         444         462         445         463         926         912         927         911
         269         463         462         461         460         911         912         910         909
         266         444         573         462         574         926         923         912         908
         268         462         574         460         575         912         908         909         907
         348         575         574         515         510         907         908         906         905
         321         574         573         510         576         908         923         905         922
         325         510         576         509         512         905         922         904         915
         326         512         511         509         501         915         914         904         903
         351         514         515         509         510         902         906         904         905
         327         501         513         509         514         903         901         904         902
         270         463         461         445         458         911         910         927         913
         273         460         450         461         451         909         900         910         899
         272         451         450         459         449         899         900         898         897
         274         460         575         450         571         909         907         900         896
         275         450         571         449         572         900         896         897         895
         345         572         571         552         551         895         896         894         893
         349         571         575         551         515         896         907         893         906
         347         551         515         549         514         893         906         892         902
         351         514         513         549         548         902         901         892         891
         347         550         552         549         551         890         894         892         893
         346         548         547         549         550         891         889         892         890
         273         451         459         461         458         899         898         910         913
         285         449         457         459         456         897         888         898         887
         256         456         457         455         443         887         888         929         931
         284         449         572         457         570         897         895         888         886
         262         457         570         443         579         888         886         931         925
         339         579         570         577         546         925         886         920         885
         345         570         572         546         552         886         895         885         894
         344         546         552         545         550         885         894         884         890
         338         550         547         545         544         890         889         884         883
         339         543         577         545         546         918         920         884         885
         336         544         542         545         543         883         917         884         918
         257         456         455         459         458         887         929         898         913
         247         931         930         929         928         299         314         301         313
         225         928         930         927         926         313         314         312         298
         241         931         925         930         924         299         370         314         369
         225         930         924         926         923         314         369         298         368
         155         923         924         922         921         368         369         279         278
         147         924         925         921         920         369         370         278         362
         147         921         920         919         918         278         362         277         276
         145         918         917         919         916         276         274         277         273
         154         915         922         919         921         271         279         277         278
         146         916         914         919         915         273         270         277         271
         246         928         927         929         913         313         312         301         311
         235         926         912         927         911         298         297         312         296
         233         911         912         910         909         296         297         308         310
         235         926         923         912         908         298         368         297         367
         234         912         908         909         907         297         367         310         366
         157         907         908         906         905         366         367         227         269
         155         908         923         905         922         367         368         269         279
         153         905         922         904         915         269         279         267         271
         152         915         914         904         903         271         270         267         265
         153         902         906         904         905         226         227         267         269
         158         903         901         904         902         265         225         267         226
         233         911         910         927         913         296         308         312         311
         255         909         900         910         899         310         309         308         307
         255         899         900         898         897         307         309         304         300
         254         909         907         900         896         310         366         309         365
         254         900         896         897         895         309         365         300         364
         143         895         896         894         893         364         365         352         224
         156         896         907         893         906         365         366         224         227
         158         893         906         892         902         224         227         223         226
         137         902         901         892         891         226         225         223         213
         139         890         894         892         893         221         352         223         224
         136         891         889         892         890         213         220         223         221
         251         899         898         910         913         307         304         308         311
         250         897         888         898         887         300         303         304         302
         240         887         888         929         931         302         303         301         299
         253         897         895         888         886         300         364         303         363
         243         888         886         931         925         303         363         299         370
         243         925         886         920         885         370         363         362         361
         151         886         895         885         894         363         364         361         352
         149         885         894         884         890         361         352         222         221
         148         890         889         884         883         221         220         222         219
         149         918         920         884         885         276         362         222         361
         145         883         917         884         918         219         274         222         276
         251         887         929         898         913         302         301         304         311
         247         299         314         301         313         337         336         335         306
         227         313         314         312         298         306         336         305         293
         242         299         370         314         369         337         360         336         359
         227         314         369         298         368         336         359         293         358
         185         368         369         279         278         358         359         251         236
         185         369         370         278         362         359         360         236         342
         191         278         362         277         276         236         342         235         275
         191         276         274         277         273         275         272         235         234
         190         271         279         277         278         250         251         235         236
         190         273         270         277         271         234         249         235         250
         245         313         312         301         311         306         305         335         334
         224         298         297         312         296         293         294         305         295
         237         296         297         308         310         295         294         333         332
         239         298         368         297         367         293         358         294         357
         239         297         367         310         366         294         357         332         356
         157         366         367         227         269         356         357         263         268
         169         367         368         269         279         357         358         268         251
         171         269         279         267         271         268         251         266         250
         171         271         270         267         265         250         249         266         264
         159         226         227         267         269         261         263         266         268
         159         265         225         267         226         264         259         266         261
         232         296         308         312         311         295         333         305         334
         237         310         309         308         307         332         331         333         330
         249         307         309         304         300         330         331         329         328
         236         310         366         309         365         332         356         331         355
         252         309         365         300         364         331         355         328         354
         143         364         365         352         224         354         355         350         218
         141         365         366         224         227         355         356         218         263
         140         224         227         223         226         218         263         217         261
         137         226         225         223         213         261         259         217         216
         142         221         352         223         224         215         350         217         218
         138         213         220         223         221         216         214         217         215
         248         307         304         308         311         330         329         333         334
         249         300         303         304         302         328         327         329         326
         244         302         303         301         299         326         327         335         337
         253         300         364         303         363         328         354         327         353
         241         303         363         299         370         327         353         337         360
         151         370         363         362         361         360         353         342         351
         219         363         364         361         352         353         354         351         350
         139         361         352         222         221         351         350         257         215
         129         221         220         222         219         215         214         257         255
         150         276         362         222         361         275         342         257         351
         144         219         274         222         276         255         272         257         275
         245         302         301         304         311         326         335         329         334
         231         337         336         335         306         325         324         323         322
         229         306         336         305         293         322         324         321         320
         211         337         360         336         359         325         349         324         348
         226         336         359         293         358         324         348         320         347
         187         358         359         251         236         347         348         248         241
         184         359         360         236         342         348         349         241         341
         189         236         342         235         275         241         341         240         239
         189         275         272         235         234         239         238         240         237
         186         250         251         235         236         247         248         240         241
         188         234         249         235         250         237         246         240         247
         231         306         305         335         334         322         321         323         319
         229         293         294         305         295         320         318         321         317
         238         295         294         333         332         317         318         316         315
         228         293         358         294         357         320         347         318         346
         238         294         357         332         356         318         346         315         345
         173         356         357         263         268         345         346         262         232
         169         357         358         268         251         346         347         232         248
         168         268         251         266         250         232         248         231         247
         170         250         249         266         264         247         246         231         230
         175         261         263         266         268         260         262         231         232
         175         264         259         266         261         230         258         231         260
         230         295         333         305         334         317         316         321         319
         203         332         331         333         330         315         292         316         281
         202         330         331         329         328         281         292         290         291
         203         332         356         331         355         315         345         292         344
         223         331         355         328         354         292         344         291         343
         135         354         355         350         218         343         344         339         338
         141         355         356         218         263         344         345         338         262
         134         218         263         217         261         338         262         253         260
         133         261         259         217         216         260         258         253         252
         135         215         350         217         218         212         339         253         338
         128         216         214         217         215         252         211         253         212
         199         330         329         333         334         281         290         316         319
         209         328         327         329         326         291         284         290         289
         211         326         327         335         337         289         284         323         325
         218         328         354         327         353         291         343         284         282
         217         327         353         337         360         284         282         325         349
         217         360         353         342         351         349         282         341         340
         219         353         354         351         350         282         343         340         339
         131         351         350         257         215         340         339         256         212
         129         215         214         257         255         212         211         256         254
         177         275         342         257         351         239         341         256         340
         177         255         272         257         275         254         238         256         239
         208         326         335         329         334         289         323         290         319
         215         325         324         323         322         442         441         440         439
         195         322         324         321         320         439         441         438         437
         215         325         349         324         348         442         436         441         435
         194         324         348         320         347         441         435         437         434
         187         347         348         248         241         434         435         245         433
         179         348         349         241         341         435         436         433         432
         179         241         341         240         239         433         432         244         431
         183         239         238         240         237         431         430         244         233
         182         247         248         240         241         243         245         244         433
         183         237         246         240         247         233         242         244         243
         197         322         321         323         319         439         438         440         429
         195         320         318         321         317         437         428         438         427
         193         317         318         316         315         427         428         426         425
         192         320         347         318         346         437         434         428         424
         193         318         346         315         345         428         424         425         423
         163         345         346         262         232         423         424         422         421
         163         346         347         232         248         424         434         421         245
         167         232         248         231         247         421         245         228         243
         166         247         246         231         230         243         242         228         229
         167         260         262         231         232         420         422         228         421
         174         230         258         231         260         229         419         228         420
         198         317         316         321         319         427         426         438         429
         201         315         292         316         281         425         288         426         280
         200         281         292         290         291         280         288         286         287
         201         315         345         292         344         425         423         288         418
         223         292         344         291         343         288         418         287         417
         222         343         344         339         338         417         418         416         415
         173         344         345         338         262         418         423         415         422
         172         338         262         253         260         415         422         414         420
         174         260         258         253         252         420         419         414         413
         132         212         339         253         338         412         416         414         415
         133         252         211         253         212         413         411         414         412
         199         281         290         316         319         280         286         426         429
         209         291         284         290         289         287         283         286         285
         210         289         284         323         325         285         283         440         442
         221         291         343         284         282         287         417         283         410
         220         284         282         325         349         283         410         442         436
         216         349         282         341         340         436         410         432         409
         222         282         343         340         339         410         417         409         416
         131         340         339         256         212         409         416         408         412
         130         212         211         256         254         412         411         408         407
         178         239         341         256         340         431         432         408         409
         176         254         238         256         239         407         430         408         431
         197         289         323         290         319         285         440         286         429
          49         442         441         440         439         374          53         375          52
          45         439         441         438         437          52          53          51          44
          49         442         436         441         435         374         372          53         405
          39         441         435         437         434          53         405          44         406
         161         434         435         245         433         406         405         404         403
          48         435         436         433         432         405         372         403         402
         181         433         432         244         431         403         402         401         400
         181         431         430         244         233         400         399         401         398
         161         243         245         244         433         397         404         401         403
         180         233         242         244         243         398         396         401         397
          61         439         438         440         429          52          51         375         378
          45         437         428         438         427          44          43          51          40
          46         427         428         426         425          40          43         386         388
          44         437         434         428         424          44         406          43         395
          47         428         424         425         423          43         395         388         382
          47         423         424         422         421         382         395         390         394
         162         424         434         421         245         395         406         394         404
         160         421         245         228         243         394         404         393         397
         165         243         242         228         229         397         396         393         392
         164         420         422         228         421         391         390         393         394
         165         229         419         228         420         392         389         393         391
          41         427         426         438         429          40         386          51         378
         207         425         288         426         280         388         387         386         385
         206         280         288         286         287         385         387         384         383
         205         425         423         288         418         388         382         387         381
         204         288         418         287         417         387         381         383         380
          99         417         418         416         415         380         381         136         379
         205         418         423         415         422         381         382         379         390
         103         415         422         414         420         379         390         120         391
         103         420         419         414         413         391         389         120         119
          97         412         416         414         415         139         136         120         379
         102         413         411         414         412         119         138         120         139
         207         280         286         426         429         385         384         386         378
         213         287         283         286         285         383         377         384         376
         213         285         283         440         442         376         377         375         374
         221         287         417         283         410         383         380         377         373
         212         283         410         442         436         377         373         374         372
         214         436         410         432         409         372         373         402         371
          96         410         417         409         416         373         380         371         136
          97         409         416         408         412         371         136         137         139
         115         412         411         408         407         139         138         137         121
         114         431         432         408         409         400         402         137         371
         115         407         430         408         431         121         399         137         400
         196         285         440         286         429         376         375         384         378
          55         374          53         375          52          45          50          76          49
          38          52          53          51          44          49          50          47          46
          53         374         372          53         405          45         202          50          48
          39          53         405          44         406          50          48          46         195
          33         406         405         404         403         195          48         208         210
          51         405         372         403         402          48         202         210         209
         119         403         402         401         400         210         209         167         126
         117         400         399         401         398         126         125         167         166
          79         397         404         401         403          80         208         167         210
          78         398         396         401         397         166          79         167          80
          61          52          51         375         378          49          47          76          75
          40          44          43          51          40          46          42          47          41
          43          40          43         386         388          41          42          74          73
          37          44         406          43         395          46         195          42         206
          46          43         395         388         382          42         206          73         207
         109         382         395         390         394         207         206         165         205
          33         395         406         394         404         206         195         205         208
          75         394         404         393         397         205         208         163          80
          73         397         396         393         392          80          79         163         162
         109         391         390         393         394         164         165         163         205
         111         392         389         393         391         162         161         163         164
          41          40         386          51         378          41          74          47          75
          59         388         387         386         385          73          72          74          71
          57         385         387         384         383          71          72          70          69
          58         388         382         387         381          73         207          72         203
          57         387         381         383         380          72         203          69         204
          99         380         381         136         379         204         203         135         116
          98         381         382         379         390         203         207         116         165
         101         379         390         120         391         116         165         118         164
         111         391         389         120         119         164         161         118         117
         101         139         136         120         379         134         135         118         116
         100         119         138         120         139         117         133         118         134
          59         385         384         386         378          71          70          74          75
          63         383         377         384         376          69          68          70          67
          62         376         377         375         374          67          68          76          45
          56         383         380         377         373          69         204          68         201
          50         377         373         374         372          68         201          45         202
         118         372         373         402         371         202         201         209         129
         127         373         380         371         136         201         204         129         135
         113         371         136         137         139         129         135         128         134
         113         139         138         137         121         134         133         128         127
         119         400         402         137         371         126         209         128         129
         112         121         399         137         400         127         125         128         126
          63         376         375         384         378          67          76          70          75
          55          45          50          76          49          66          65          64          63
          54          49          50          47          46          63          65          62          61
          53          45         202          50          48          66         191          65         189
          35          50          48          46         195          65         189          61         194
          35         195          48         208         210         194         189         198         200
          51          48         202         210         209         189         191         200         199
         116         210         209         167         126         200         199         160         159
         117         126         125         167         166         159         158         160         157
          79          80         208         167         210          85         198         160         200
          77         166          79         167          80         157          84         160          85
          60          49          47          76          75          63          62          64          60
          36          46          42          47          41          61          59          62          58
          43          41          42          74          73          58          59          57          56
          32          46         195          42         206          61         194          59         196
          37          42         206          73         207          59         196          56         197
          67         207         206         165         205         197         196         155          83
          74         206         195         205         208         196         194          83         198
          75         205         208         163          80          83         198          82          85
          76          80          79         163         162          85          84          82          81
          72         164         165         163         205         153         155          82          83
          73         162         161         163         164          81         152          82         153
          42          41          74          47          75          58          57          62          60
          21          73          72          74          71          56          23          57          24
          27          71          72          70          69          24          23          17          22
          20          73         207          72         203          56         197          23         192
          30          72         203          69         204          23         192          22         193
         105         204         203         135         116         193         192         132         156
         108         203         207         116         165         192         197         156         155
         110         116         165         118         164         156         155         154         153
         110         164         161         118         117         153         152         154         151
         107         134         135         118         116         131         132         154         156
         107         117         133         118         134         151         130         154         131
          26          71          70          74          75          24          17          57          60
          27          69          68          70          67          22          54          17          55
          62          67          68          76          45          55          54          64          66
          30          69         204          68         201          22         193          54         190
          52          68         201          45         202          54         190          66         191
         125         202         201         209         129         191         190         199         124
         127         201         204         129         135         190         193         124         132
         126         129         135         128         134         124         132         123         131
         121         134         133         128         127         131         130         123         122
         126         126         209         128         129         159         199         123         124
         120         127         125         128         126         122         158         123         159
          25          67          76          70          75          55          64          17          60
           3          66          65          64          63           4          13          31          14
           9          63          65          62          61          14          13          12           8
           5          66         191          65         189           4         187          13         188
          11          65         189          61         194          13         188           8         181
          34         194         189         198         200         181         188         184         186
          87         189         191         200         199         188         187         186         185
          87         200         199         160         159         186         185         115         141
          81         159         158         160         157         141         140         115         114
          69          85         198         160         200         109         184         115         186
          77         157          84         160          85         114         107         115         109
           2          63          62          64          60          14          12          31          34
          15          61          59          62          58           8          38          12          39
          23          58          59          57          56          39          38          37          36
          11          61         194          59         196           8         181          38         182
          23          59         196          56         197          38         182          36         183
          67         197         196         155          83         183         182         113         105
          65         196         194          83         198         182         181         105         184
          64          83         198          82          85         105         184         103         109
          68          85          84          82          81         109         107         103          78
          66         153         155          82          83         112         113         103         105
          71          81         152          82         153          78         111         103         112
          15          58          57          62          60          39          37          12          34
          21          56          23          57          24          36          20          37          21
          31          24          23          17          22          21          20          35          19
          22          56         197          23         192          36         183          20         179
          19          23         192          22         193          20         179          19         180
         105         193         192         132         156         180         179         150         149
          93         192         197         156         155         179         183         149         113
          94         156         155         154         153         149         113         147         112
          94         153         152         154         151         112         111         147         146
         104         131         132         154         156         148         150         147         149
         106         151         130         154         131         146         145         147         148
          24          24          17          57          60          21          35          37          34
          29          22          54          17          55          19          33          35          32
           7          55          54          64          66          32          33          31           4
          31          22         193          54         190          19         180          33         178
           7          54         190          66         191          33         178           4         187
         125         191         190         199         124         187         178         185         144
         124         190         193         124         132         178         180         144         150
         123         124         132         123         131         144         150         143         148
         121         131         130         123         122         148         145         143         142
         123         159         199         123         124         141         185         143         144
         122         122         158         123         159         142         140         143         141
          25          55          64          17          60          32          31          35          34
           3           4          13          31          14           3          10           2          11
           9          14          13          12           8          11          10           9           7
           5           4         187          13         188           3         169          10         176
           8          13         188           8         181          10         176           7         177
          86         181         188         184         186         177         176         110         175
           4         188         187         186         185         176         169         175         174
          85         186         185         115         141         175         174          90          89
          81         141         140         115         114          89          86          90          88
          85         109         184         115         186         108         110          90         175
          84         114         107         115         109          88         106          90         108
           1          14          12          31          34          11           9           2          27
          13           8          38          12          39           7           6           9           5
          13          39          38          37          36           5           6          29          30
          10           8         181          38         182           7         177           6         172
          12          38         182          36         183           6         172          30         173
          92         183         182         113         105         173         172          95         104
          65         182         181         105         184         172         177         104         110
          69         105         184         103         109         104         110         101         108
          70         109         107         103          78         108         106         101          77
          95         112         113         103         105         102          95         101         104
          71          78         111         103         112          77         100         101         102
          14          39          37          12          34           5          29           9          27
          17          36          20          37          21          30          16          29          15
          16          21          20          35          19          15          16          28          18
          18          36         183          20         179          30         173          16         170
          19          20         179          19         180          16         170          18         171
          89         180         179         150         149         171         170          91          94
          93         179         183         149         113         170         173          94          95
          91         149         113         147         112          94          95          93         102
          95         112         111         147         146         102         100          93          92
          91         148         150         147         149          99          91          93          94
          90         146         145         147         148          92          98          93          99
          17          21          35          37          34          15          28          29          27
          29          19          33          35          32          18          26          28          25
           0          32          33          31           4          25          26           2           3
          28          19         180          33         178          18         171          26         168
           6          33         178           4         187          26         168           3         169
          83         187         178         185         144         169         168         174          97
          89         178         180         144         150         168         171          97          91
          88         144         150         143         148          97          91          96          99
          82         148         145         143         142          99          98          96          87
          83         141         185         143         144          89         174          96          97
          80         142         140         143         141          87          86          96          89
           1          32          31          35          34          25           2          28          27
